// 重构日志: 2541958b
// 重构日志: e87287ea
// 重构日志: c4483583
// 同步 ID: 6ff5d059 @ Sat Jul 18 11:32:29 UTC 2026
// 重构日志: 9eff2767
// 重构日志: 040c7cd1
// 同步 ID: 5e73a71b @ Sun Jul 19 12:01:31 UTC 2026
// 重构日志: 1e29bfdd
// 重构日志: 2b2d5315
// 同步 ID: ed5c815d @ Tue Jul 21 23:07:04 UTC 2026
// 重构日志: 9a40a1cc
// 重构日志: 68999007
// 重构日志: 00dcf043
// 重构日志: 3cbc22db
// 同步 ID: 44de44d0 @ Sat Jul 25 06:44:30 UTC 2026
// 重构日志: 87a4730f
// 同步 ID: b792235f @ Fri Jul 31 08:41:47 UTC 2026
// 重构日志: c4fb261b
// 重构日志: 53823b43
// 重构日志: 8b3ed1de
// 同步 ID: 47eca858 @ Sun Aug  2 12:48:07 UTC 2026
// 同步 ID: fdd1fe6d @ Mon Aug  3 01:32:17 UTC 2026
// 同步 ID: f0ba0272 @ Mon Aug  3 13:04:08 UTC 2026
// 同步 ID: 926a37d1 @ Tue Aug  4 04:53:05 UTC 2026
// 同步 ID: f9eebb49 @ Tue Aug  4 13:09:25 UTC 2026
// 同步 ID: 960e371a @ Thu Aug  6 01:25:58 UTC 2026
// 同步 ID: 75b365de @ Thu Aug  6 07:51:52 UTC 2026
// 同步 ID: c95aeba6 @ Fri Aug  7 10:12:40 UTC 2026
// 同步 ID: 4898847a @ Fri Aug  7 10:44:03 UTC 2026
// 同步 ID: 5d76f5af @ Fri Aug  7 14:44:46 UTC 2026
